
C:\Users\NalleBerg\Documents\C++\Workspace\NSBEdit>echo ============================================================ 
============================================================

C:\Users\NalleBerg\Documents\C++\Workspace\NSBEdit>echo  NSBEdit build started 
 NSBEdit build started

C:\Users\NalleBerg\Documents\C++\Workspace\NSBEdit>echo ============================================================ 
============================================================

C:\Users\NalleBerg\Documents\C++\Workspace\NSBEdit>echo [1/5] Killing running NSBEdit.exe (if any)... 
[1/5] Killing running NSBEdit.exe (if any)...

C:\Users\NalleBerg\Documents\C++\Workspace\NSBEdit>taskkill /F /IM NSBEdit.exe 
ERROR: The process "NSBEdit.exe" not found.

C:\Users\NalleBerg\Documents\C++\Workspace\NSBEdit>if !ERRORLEVEL! EQU 0 (
echo       Killed. Waiting for file handles to release...  
 timeout /T 1 /NOBREAK 
)  else (echo       Not running, nothing to kill. ) 
      Not running, nothing to kill.

C:\Users\NalleBerg\Documents\C++\Workspace\NSBEdit>echo.


C:\Users\NalleBerg\Documents\C++\Workspace\NSBEdit>echo [2/5] Compiling resource (windres)... 
[2/5] Compiling resource (windres)...

C:\Users\NalleBerg\Documents\C++\Workspace\NSBEdit>echo       windres  |  NSBEdit.rc  ->  NSBEdit.res  |  Win32 resource compiler 
      windres  |  NSBEdit.rc  ->  NSBEdit.res  |  Win32 resource compiler

C:\Users\NalleBerg\Documents\C++\Workspace\NSBEdit>echo       Done. 
      Done.

C:\Users\NalleBerg\Documents\C++\Workspace\NSBEdit>echo.


C:\Users\NalleBerg\Documents\C++\Workspace\NSBEdit>echo [3/5] Compiling sqlite3... 
[3/5] Compiling sqlite3...

C:\Users\NalleBerg\Documents\C++\Workspace\NSBEdit>echo       gcc  |  sqlite3\sqlite3.c  ->  sqlite3\sqlite3.o  |  SQLite3 amalgamation (single-file C library) 
      gcc  |  sqlite3\sqlite3.c  ->  sqlite3\sqlite3.o  |  SQLite3 amalgamation (single-file C library)
Using built-in specs.
COLLECT_GCC=gcc
Target: x86_64-w64-mingw32
Configured with: ../../../src/gcc-15.2.0/configure --host=x86_64-w64-mingw32 --build=x86_64-w64-mingw32 --target=x86_64-w64-mingw32 --prefix=/mingw64 --with-sysroot=/c/buildroot/x86_64-1520-mcf-seh-ucrt-rt_v13-rev0/mingw64 --enable-host-shared --disable-multilib --enable-languages=c,c++,fortran,lto --enable-libstdcxx-time=yes --enable-threads=mcf --enable-libgomp --enable-libatomic --enable-lto --enable-graphite --enable-checking=release --enable-mingw-wildcard --enable-fully-dynamic-string --enable-version-specific-runtime-libs --enable-libstdcxx-filesystem-ts=yes --disable-libssp --disable-libstdcxx-pch --disable-libstdcxx-debug --enable-bootstrap --disable-rpath --disable-win32-registry --disable-nls --disable-werror --disable-symvers --with-gnu-as --with-gnu-ld --with-arch=nocona --with-tune=core2 --with-libiconv --with-system-zlib --with-gmp=/c/buildroot/prerequisites/x86_64-w64-mingw32-static --with-mpfr=/c/buildroot/prerequisites/x86_64-w64-mingw32-static --with-mpc=/c/buildroot/prerequisites/x86_64-w64-mingw32-static --with-isl=/c/buildroot/prerequisites/x86_64-w64-mingw32-static --with-pkgversion='x86_64-mcf-seh-rev0, Built by MinGW-Builds project' --with-bugurl=https://github.com/niXman/mingw-builds LD_FOR_TARGET=/c/buildroot/x86_64-1520-mcf-seh-ucrt-rt_v13-rev0/mingw64/bin/ld.exe --with-boot-ldflags='-pipe -fno-ident -L/c/buildroot/x86_64-1520-mcf-seh-ucrt-rt_v13-rev0/mingw64/opt/lib -L/c/buildroot/prerequisites/x86_64-zlib-static/lib -L/c/buildroot/prerequisites/x86_64-w64-mingw32-static/lib  -Wl,--disable-dynamicbase -static-libstdc++ -static-libgcc'
Thread model: mcf
Supported LTO compression algorithms: zlib
gcc version 15.2.0 (x86_64-mcf-seh-rev0, Built by MinGW-Builds project) 
COLLECT_GCC_OPTIONS='-v' '-O2' '-D' 'SQLITE_THREADSAFE=0' '-D' 'SQLITE_DEFAULT_MEMSTATUS=0' '-c' '-o' 'sqlite3\sqlite3.o' '-mtune=core2' '-march=nocona' '-dumpdir' 'sqlite3\'
 C:/mingw64/bin/../libexec/gcc/x86_64-w64-mingw32/15.2.0/cc1.exe -quiet -v -iprefix C:/mingw64/bin/../lib/gcc/x86_64-w64-mingw32/15.2.0/ -U_REENTRANT -D SQLITE_THREADSAFE=0 -D SQLITE_DEFAULT_MEMSTATUS=0 sqlite3\sqlite3.c -quiet -dumpdir sqlite3\ -dumpbase sqlite3.c -dumpbase-ext .c -mtune=core2 -march=nocona -O2 -version -o C:\Users\NALLEB~1\AppData\Local\Temp\ccCU9ytR.s
GNU C23 (x86_64-mcf-seh-rev0, Built by MinGW-Builds project) version 15.2.0 (x86_64-w64-mingw32)
	compiled by GNU C version 15.2.0, GMP version 6.2.1, MPFR version 4.1.0, MPC version 1.2.1, isl version isl-0.27-GMP

GGC heuristics: --param ggc-min-expand=100 --param ggc-min-heapsize=131072
ignoring duplicate directory "C:/mingw64/lib/gcc/../../lib/gcc/x86_64-w64-mingw32/15.2.0/include"
ignoring nonexistent directory "C:/buildroot/x86_64-1520-mcf-seh-ucrt-rt_v13-rev0/mingw64D:/a/_temp/msys64/mingw64/lib/gcc/x86_64-w64-mingw32/15.2.0/../../../../include"
ignoring duplicate directory "C:/mingw64/lib/gcc/../../lib/gcc/x86_64-w64-mingw32/15.2.0/include-fixed"
ignoring duplicate directory "C:/mingw64/lib/gcc/../../lib/gcc/x86_64-w64-mingw32/15.2.0/../../../../x86_64-w64-mingw32/include"
ignoring nonexistent directory "C:/buildroot/x86_64-1520-mcf-seh-ucrt-rt_v13-rev0/mingw64/mingw/include"
#include "..." search starts here:
#include <...> search starts here:
 C:/mingw64/bin/../lib/gcc/x86_64-w64-mingw32/15.2.0/include
 C:/mingw64/bin/../lib/gcc/x86_64-w64-mingw32/15.2.0/include-fixed
 C:/mingw64/bin/../lib/gcc/x86_64-w64-mingw32/15.2.0/../../../../x86_64-w64-mingw32/include
End of search list.
Compiler executable checksum: cefa2ebeb692ed00af38e59eabc88438
COLLECT_GCC_OPTIONS='-v' '-O2' '-D' 'SQLITE_THREADSAFE=0' '-D' 'SQLITE_DEFAULT_MEMSTATUS=0' '-c' '-o' 'sqlite3\sqlite3.o' '-mtune=core2' '-march=nocona' '-dumpdir' 'sqlite3\'
 C:/mingw64/bin/../lib/gcc/x86_64-w64-mingw32/15.2.0/../../../../x86_64-w64-mingw32/bin/as.exe -v -o sqlite3\sqlite3.o C:\Users\NALLEB~1\AppData\Local\Temp\ccCU9ytR.s
GNU assembler version 2.45 (x86_64-w64-mingw32) using BFD version (GNU Binutils) 2.45
COMPILER_PATH=C:/mingw64/bin/../libexec/gcc/x86_64-w64-mingw32/15.2.0/;C:/mingw64/bin/../libexec/gcc/;C:/mingw64/bin/../lib/gcc/x86_64-w64-mingw32/15.2.0/../../../../x86_64-w64-mingw32/bin/
LIBRARY_PATH=C:/mingw64/bin/../lib/gcc/x86_64-w64-mingw32/15.2.0/;C:/mingw64/bin/../lib/gcc/;C:/mingw64/bin/../lib/gcc/x86_64-w64-mingw32/15.2.0/../../../../x86_64-w64-mingw32/lib/../lib/;C:/mingw64/bin/../lib/gcc/x86_64-w64-mingw32/15.2.0/../../../../lib/;C:/mingw64/bin/../lib/gcc/x86_64-w64-mingw32/15.2.0/../../../../x86_64-w64-mingw32/lib/;C:/mingw64/bin/../lib/gcc/x86_64-w64-mingw32/15.2.0/../../../
COLLECT_GCC_OPTIONS='-v' '-O2' '-D' 'SQLITE_THREADSAFE=0' '-D' 'SQLITE_DEFAULT_MEMSTATUS=0' '-c' '-o' 'sqlite3\sqlite3.o' '-mtune=core2' '-march=nocona' '-dumpdir' 'sqlite3\sqlite3.'

C:\Users\NalleBerg\Documents\C++\Workspace\NSBEdit>echo       Done. 
      Done.

C:\Users\NalleBerg\Documents\C++\Workspace\NSBEdit>echo.


C:\Users\NalleBerg\Documents\C++\Workspace\NSBEdit>echo [4/5] Compiling QUIC stubs... 
[4/5] Compiling QUIC stubs...

C:\Users\NalleBerg\Documents\C++\Workspace\NSBEdit>echo       gcc  |  curl\lib\quic_stubs.c  ->  quic_stubs.o  |  QUIC/HTTP3 stub functions for libcurl 
      gcc  |  curl\lib\quic_stubs.c  ->  quic_stubs.o  |  QUIC/HTTP3 stub functions for libcurl
Using built-in specs.
COLLECT_GCC=gcc
Target: x86_64-w64-mingw32
Configured with: ../../../src/gcc-15.2.0/configure --host=x86_64-w64-mingw32 --build=x86_64-w64-mingw32 --target=x86_64-w64-mingw32 --prefix=/mingw64 --with-sysroot=/c/buildroot/x86_64-1520-mcf-seh-ucrt-rt_v13-rev0/mingw64 --enable-host-shared --disable-multilib --enable-languages=c,c++,fortran,lto --enable-libstdcxx-time=yes --enable-threads=mcf --enable-libgomp --enable-libatomic --enable-lto --enable-graphite --enable-checking=release --enable-mingw-wildcard --enable-fully-dynamic-string --enable-version-specific-runtime-libs --enable-libstdcxx-filesystem-ts=yes --disable-libssp --disable-libstdcxx-pch --disable-libstdcxx-debug --enable-bootstrap --disable-rpath --disable-win32-registry --disable-nls --disable-werror --disable-symvers --with-gnu-as --with-gnu-ld --with-arch=nocona --with-tune=core2 --with-libiconv --with-system-zlib --with-gmp=/c/buildroot/prerequisites/x86_64-w64-mingw32-static --with-mpfr=/c/buildroot/prerequisites/x86_64-w64-mingw32-static --with-mpc=/c/buildroot/prerequisites/x86_64-w64-mingw32-static --with-isl=/c/buildroot/prerequisites/x86_64-w64-mingw32-static --with-pkgversion='x86_64-mcf-seh-rev0, Built by MinGW-Builds project' --with-bugurl=https://github.com/niXman/mingw-builds LD_FOR_TARGET=/c/buildroot/x86_64-1520-mcf-seh-ucrt-rt_v13-rev0/mingw64/bin/ld.exe --with-boot-ldflags='-pipe -fno-ident -L/c/buildroot/x86_64-1520-mcf-seh-ucrt-rt_v13-rev0/mingw64/opt/lib -L/c/buildroot/prerequisites/x86_64-zlib-static/lib -L/c/buildroot/prerequisites/x86_64-w64-mingw32-static/lib  -Wl,--disable-dynamicbase -static-libstdc++ -static-libgcc'
Thread model: mcf
Supported LTO compression algorithms: zlib
gcc version 15.2.0 (x86_64-mcf-seh-rev0, Built by MinGW-Builds project) 
COLLECT_GCC_OPTIONS='-v' '-O2' '-c' '-o' 'curl\lib\quic_stubs.o' '-mtune=core2' '-march=nocona' '-dumpdir' 'curl\lib\'
 C:/mingw64/bin/../libexec/gcc/x86_64-w64-mingw32/15.2.0/cc1.exe -quiet -v -iprefix C:/mingw64/bin/../lib/gcc/x86_64-w64-mingw32/15.2.0/ -U_REENTRANT curl\lib\quic_stubs.c -quiet -dumpdir curl\lib\ -dumpbase quic_stubs.c -dumpbase-ext .c -mtune=core2 -march=nocona -O2 -version -o C:\Users\NALLEB~1\AppData\Local\Temp\ccyKnxWc.s
GNU C23 (x86_64-mcf-seh-rev0, Built by MinGW-Builds project) version 15.2.0 (x86_64-w64-mingw32)
	compiled by GNU C version 15.2.0, GMP version 6.2.1, MPFR version 4.1.0, MPC version 1.2.1, isl version isl-0.27-GMP

GGC heuristics: --param ggc-min-expand=100 --param ggc-min-heapsize=131072
ignoring duplicate directory "C:/mingw64/lib/gcc/../../lib/gcc/x86_64-w64-mingw32/15.2.0/include"
ignoring nonexistent directory "C:/buildroot/x86_64-1520-mcf-seh-ucrt-rt_v13-rev0/mingw64D:/a/_temp/msys64/mingw64/lib/gcc/x86_64-w64-mingw32/15.2.0/../../../../include"
ignoring duplicate directory "C:/mingw64/lib/gcc/../../lib/gcc/x86_64-w64-mingw32/15.2.0/include-fixed"
ignoring duplicate directory "C:/mingw64/lib/gcc/../../lib/gcc/x86_64-w64-mingw32/15.2.0/../../../../x86_64-w64-mingw32/include"
ignoring nonexistent directory "C:/buildroot/x86_64-1520-mcf-seh-ucrt-rt_v13-rev0/mingw64/mingw/include"
#include "..." search starts here:
#include <...> search starts here:
 C:/mingw64/bin/../lib/gcc/x86_64-w64-mingw32/15.2.0/include
 C:/mingw64/bin/../lib/gcc/x86_64-w64-mingw32/15.2.0/include-fixed
 C:/mingw64/bin/../lib/gcc/x86_64-w64-mingw32/15.2.0/../../../../x86_64-w64-mingw32/include
End of search list.
Compiler executable checksum: cefa2ebeb692ed00af38e59eabc88438
COLLECT_GCC_OPTIONS='-v' '-O2' '-c' '-o' 'curl\lib\quic_stubs.o' '-mtune=core2' '-march=nocona' '-dumpdir' 'curl\lib\'
 C:/mingw64/bin/../lib/gcc/x86_64-w64-mingw32/15.2.0/../../../../x86_64-w64-mingw32/bin/as.exe -v -o curl\lib\quic_stubs.o C:\Users\NALLEB~1\AppData\Local\Temp\ccyKnxWc.s
GNU assembler version 2.45 (x86_64-w64-mingw32) using BFD version (GNU Binutils) 2.45
COMPILER_PATH=C:/mingw64/bin/../libexec/gcc/x86_64-w64-mingw32/15.2.0/;C:/mingw64/bin/../libexec/gcc/;C:/mingw64/bin/../lib/gcc/x86_64-w64-mingw32/15.2.0/../../../../x86_64-w64-mingw32/bin/
LIBRARY_PATH=C:/mingw64/bin/../lib/gcc/x86_64-w64-mingw32/15.2.0/;C:/mingw64/bin/../lib/gcc/;C:/mingw64/bin/../lib/gcc/x86_64-w64-mingw32/15.2.0/../../../../x86_64-w64-mingw32/lib/../lib/;C:/mingw64/bin/../lib/gcc/x86_64-w64-mingw32/15.2.0/../../../../lib/;C:/mingw64/bin/../lib/gcc/x86_64-w64-mingw32/15.2.0/../../../../x86_64-w64-mingw32/lib/;C:/mingw64/bin/../lib/gcc/x86_64-w64-mingw32/15.2.0/../../../
COLLECT_GCC_OPTIONS='-v' '-O2' '-c' '-o' 'curl\lib\quic_stubs.o' '-mtune=core2' '-march=nocona' '-dumpdir' 'curl\lib\quic_stubs.'

C:\Users\NalleBerg\Documents\C++\Workspace\NSBEdit>echo       Done. 
      Done.

C:\Users\NalleBerg\Documents\C++\Workspace\NSBEdit>echo.


C:\Users\NalleBerg\Documents\C++\Workspace\NSBEdit>echo [5/5] Compiling and linking NSBEdit.cpp... 
[5/5] Compiling and linking NSBEdit.cpp...

C:\Users\NalleBerg\Documents\C++\Workspace\NSBEdit>echo       g++  |  NSBEdit.cpp + all sources + prebuilt .o  ->  NSBEdit.exe  |  C++17, -Wall, static runtime 
      g++  |  NSBEdit.cpp + all sources + prebuilt .o  ->  NSBEdit.exe  |  C++17, -Wall, static runtime

C:\Users\NalleBerg\Documents\C++\Workspace\NSBEdit>echo ............................................................ 
............................................................
Using built-in specs.
COLLECT_GCC=g++
COLLECT_LTO_WRAPPER=C:/mingw64/bin/../libexec/gcc/x86_64-w64-mingw32/15.2.0/lto-wrapper.exe
Target: x86_64-w64-mingw32
Configured with: ../../../src/gcc-15.2.0/configure --host=x86_64-w64-mingw32 --build=x86_64-w64-mingw32 --target=x86_64-w64-mingw32 --prefix=/mingw64 --with-sysroot=/c/buildroot/x86_64-1520-mcf-seh-ucrt-rt_v13-rev0/mingw64 --enable-host-shared --disable-multilib --enable-languages=c,c++,fortran,lto --enable-libstdcxx-time=yes --enable-threads=mcf --enable-libgomp --enable-libatomic --enable-lto --enable-graphite --enable-checking=release --enable-mingw-wildcard --enable-fully-dynamic-string --enable-version-specific-runtime-libs --enable-libstdcxx-filesystem-ts=yes --disable-libssp --disable-libstdcxx-pch --disable-libstdcxx-debug --enable-bootstrap --disable-rpath --disable-win32-registry --disable-nls --disable-werror --disable-symvers --with-gnu-as --with-gnu-ld --with-arch=nocona --with-tune=core2 --with-libiconv --with-system-zlib --with-gmp=/c/buildroot/prerequisites/x86_64-w64-mingw32-static --with-mpfr=/c/buildroot/prerequisites/x86_64-w64-mingw32-static --with-mpc=/c/buildroot/prerequisites/x86_64-w64-mingw32-static --with-isl=/c/buildroot/prerequisites/x86_64-w64-mingw32-static --with-pkgversion='x86_64-mcf-seh-rev0, Built by MinGW-Builds project' --with-bugurl=https://github.com/niXman/mingw-builds LD_FOR_TARGET=/c/buildroot/x86_64-1520-mcf-seh-ucrt-rt_v13-rev0/mingw64/bin/ld.exe --with-boot-ldflags='-pipe -fno-ident -L/c/buildroot/x86_64-1520-mcf-seh-ucrt-rt_v13-rev0/mingw64/opt/lib -L/c/buildroot/prerequisites/x86_64-zlib-static/lib -L/c/buildroot/prerequisites/x86_64-w64-mingw32-static/lib  -Wl,--disable-dynamicbase -static-libstdc++ -static-libgcc'
Thread model: mcf
Supported LTO compression algorithms: zlib
gcc version 15.2.0 (x86_64-mcf-seh-rev0, Built by MinGW-Builds project) 
COLLECT_GCC_OPTIONS='-v' '-std=c++17' '-O2' '-Wall' '-mwindows' '-municode' '-I' '.' '-I' 'sqlite3' '-I' 'curl\include' '-D' 'CURL_STATICLIB' '-I' 'scintilla_src\scintilla\include' '-I' 'lexilla_src\lexilla\include' '-Lscintilla_src\scintilla\bin' '-Llexilla_src\lexilla\bin' '-Lcurl\lib' '-static' '-static-libgcc' '-o' 'NSBEdit.exe' '-mtune=core2' '-march=nocona' '-dumpdir' 'NSBEdit-'
 C:/mingw64/bin/../libexec/gcc/x86_64-w64-mingw32/15.2.0/cc1plus.exe -quiet -v -I . -I sqlite3 -I curl\include -I scintilla_src\scintilla\include -I lexilla_src\lexilla\include -iprefix C:/mingw64/bin/../lib/gcc/x86_64-w64-mingw32/15.2.0/ -DUNICODE -U_REENTRANT -D CURL_STATICLIB NSBEdit.cpp -quiet -dumpdir NSBEdit- -dumpbase NSBEdit.cpp -dumpbase-ext .cpp -mwindows -municode -mtune=core2 -march=nocona -O2 -Wall -std=c++17 -version -o C:\Users\NALLEB~1\AppData\Local\Temp\ccS4g5Wl.s
GNU C++17 (x86_64-mcf-seh-rev0, Built by MinGW-Builds project) version 15.2.0 (x86_64-w64-mingw32)
	compiled by GNU C version 15.2.0, GMP version 6.2.1, MPFR version 4.1.0, MPC version 1.2.1, isl version isl-0.27-GMP

GGC heuristics: --param ggc-min-expand=100 --param ggc-min-heapsize=131072
ignoring duplicate directory "C:/mingw64/lib/gcc/../../lib/gcc/x86_64-w64-mingw32/15.2.0/include/c++"
ignoring duplicate directory "C:/mingw64/lib/gcc/../../lib/gcc/x86_64-w64-mingw32/15.2.0/include/c++/x86_64-w64-mingw32"
ignoring duplicate directory "C:/mingw64/lib/gcc/../../lib/gcc/x86_64-w64-mingw32/15.2.0/include/c++/backward"
ignoring duplicate directory "C:/mingw64/lib/gcc/../../lib/gcc/x86_64-w64-mingw32/15.2.0/include"
ignoring nonexistent directory "C:/buildroot/x86_64-1520-mcf-seh-ucrt-rt_v13-rev0/mingw64D:/a/_temp/msys64/mingw64/lib/gcc/x86_64-w64-mingw32/15.2.0/../../../../include"
ignoring duplicate directory "C:/mingw64/lib/gcc/../../lib/gcc/x86_64-w64-mingw32/15.2.0/include-fixed"
ignoring duplicate directory "C:/mingw64/lib/gcc/../../lib/gcc/x86_64-w64-mingw32/15.2.0/../../../../x86_64-w64-mingw32/include"
ignoring nonexistent directory "C:/buildroot/x86_64-1520-mcf-seh-ucrt-rt_v13-rev0/mingw64/mingw/include"
#include "..." search starts here:
#include <...> search starts here:
 .
 sqlite3
 curl\include
 scintilla_src\scintilla\include
 lexilla_src\lexilla\include
 C:/mingw64/bin/../lib/gcc/x86_64-w64-mingw32/15.2.0/include/c++
 C:/mingw64/bin/../lib/gcc/x86_64-w64-mingw32/15.2.0/include/c++/x86_64-w64-mingw32
 C:/mingw64/bin/../lib/gcc/x86_64-w64-mingw32/15.2.0/include/c++/backward
 C:/mingw64/bin/../lib/gcc/x86_64-w64-mingw32/15.2.0/include
 C:/mingw64/bin/../lib/gcc/x86_64-w64-mingw32/15.2.0/include-fixed
 C:/mingw64/bin/../lib/gcc/x86_64-w64-mingw32/15.2.0/../../../../x86_64-w64-mingw32/include
End of search list.
Compiler executable checksum: 61de8c4d747942bd598ac96411382eff
COLLECT_GCC_OPTIONS='-v' '-std=c++17' '-O2' '-Wall' '-mwindows' '-municode' '-I' '.' '-I' 'sqlite3' '-I' 'curl\include' '-D' 'CURL_STATICLIB' '-I' 'scintilla_src\scintilla\include' '-I' 'lexilla_src\lexilla\include' '-Lscintilla_src\scintilla\bin' '-Llexilla_src\lexilla\bin' '-Lcurl\lib' '-static' '-static-libgcc' '-o' 'NSBEdit.exe' '-mtune=core2' '-march=nocona' '-dumpdir' 'NSBEdit-'
 C:/mingw64/bin/../lib/gcc/x86_64-w64-mingw32/15.2.0/../../../../x86_64-w64-mingw32/bin/as.exe -v -I . -I sqlite3 -I curl\include -I scintilla_src\scintilla\include -I lexilla_src\lexilla\include -o C:\Users\NALLEB~1\AppData\Local\Temp\ccyASYUO.o C:\Users\NALLEB~1\AppData\Local\Temp\ccS4g5Wl.s
GNU assembler version 2.45 (x86_64-w64-mingw32) using BFD version (GNU Binutils) 2.45
COLLECT_GCC_OPTIONS='-v' '-std=c++17' '-O2' '-Wall' '-mwindows' '-municode' '-I' '.' '-I' 'sqlite3' '-I' 'curl\include' '-D' 'CURL_STATICLIB' '-I' 'scintilla_src\scintilla\include' '-I' 'lexilla_src\lexilla\include' '-Lscintilla_src\scintilla\bin' '-Llexilla_src\lexilla\bin' '-Lcurl\lib' '-static' '-static-libgcc' '-o' 'NSBEdit.exe' '-mtune=core2' '-march=nocona' '-dumpdir' 'NSBEdit-'
 C:/mingw64/bin/../libexec/gcc/x86_64-w64-mingw32/15.2.0/cc1plus.exe -quiet -v -I . -I sqlite3 -I curl\include -I scintilla_src\scintilla\include -I lexilla_src\lexilla\include -iprefix C:/mingw64/bin/../lib/gcc/x86_64-w64-mingw32/15.2.0/ -DUNICODE -U_REENTRANT -D CURL_STATICLIB ne_tabs.cpp -quiet -dumpdir NSBEdit- -dumpbase ne_tabs.cpp -dumpbase-ext .cpp -mwindows -municode -mtune=core2 -march=nocona -O2 -Wall -std=c++17 -version -o C:\Users\NALLEB~1\AppData\Local\Temp\ccS4g5Wl.s
GNU C++17 (x86_64-mcf-seh-rev0, Built by MinGW-Builds project) version 15.2.0 (x86_64-w64-mingw32)
	compiled by GNU C version 15.2.0, GMP version 6.2.1, MPFR version 4.1.0, MPC version 1.2.1, isl version isl-0.27-GMP

GGC heuristics: --param ggc-min-expand=100 --param ggc-min-heapsize=131072
ignoring duplicate directory "C:/mingw64/lib/gcc/../../lib/gcc/x86_64-w64-mingw32/15.2.0/include/c++"
ignoring duplicate directory "C:/mingw64/lib/gcc/../../lib/gcc/x86_64-w64-mingw32/15.2.0/include/c++/x86_64-w64-mingw32"
ignoring duplicate directory "C:/mingw64/lib/gcc/../../lib/gcc/x86_64-w64-mingw32/15.2.0/include/c++/backward"
ignoring duplicate directory "C:/mingw64/lib/gcc/../../lib/gcc/x86_64-w64-mingw32/15.2.0/include"
ignoring nonexistent directory "C:/buildroot/x86_64-1520-mcf-seh-ucrt-rt_v13-rev0/mingw64D:/a/_temp/msys64/mingw64/lib/gcc/x86_64-w64-mingw32/15.2.0/../../../../include"
ignoring duplicate directory "C:/mingw64/lib/gcc/../../lib/gcc/x86_64-w64-mingw32/15.2.0/include-fixed"
ignoring duplicate directory "C:/mingw64/lib/gcc/../../lib/gcc/x86_64-w64-mingw32/15.2.0/../../../../x86_64-w64-mingw32/include"
ignoring nonexistent directory "C:/buildroot/x86_64-1520-mcf-seh-ucrt-rt_v13-rev0/mingw64/mingw/include"
#include "..." search starts here:
#include <...> search starts here:
 .
 sqlite3
 curl\include
 scintilla_src\scintilla\include
 lexilla_src\lexilla\include
 C:/mingw64/bin/../lib/gcc/x86_64-w64-mingw32/15.2.0/include/c++
 C:/mingw64/bin/../lib/gcc/x86_64-w64-mingw32/15.2.0/include/c++/x86_64-w64-mingw32
 C:/mingw64/bin/../lib/gcc/x86_64-w64-mingw32/15.2.0/include/c++/backward
 C:/mingw64/bin/../lib/gcc/x86_64-w64-mingw32/15.2.0/include
 C:/mingw64/bin/../lib/gcc/x86_64-w64-mingw32/15.2.0/include-fixed
 C:/mingw64/bin/../lib/gcc/x86_64-w64-mingw32/15.2.0/../../../../x86_64-w64-mingw32/include
End of search list.
Compiler executable checksum: 61de8c4d747942bd598ac96411382eff
COLLECT_GCC_OPTIONS='-v' '-std=c++17' '-O2' '-Wall' '-mwindows' '-municode' '-I' '.' '-I' 'sqlite3' '-I' 'curl\include' '-D' 'CURL_STATICLIB' '-I' 'scintilla_src\scintilla\include' '-I' 'lexilla_src\lexilla\include' '-Lscintilla_src\scintilla\bin' '-Llexilla_src\lexilla\bin' '-Lcurl\lib' '-static' '-static-libgcc' '-o' 'NSBEdit.exe' '-mtune=core2' '-march=nocona' '-dumpdir' 'NSBEdit-'
 C:/mingw64/bin/../lib/gcc/x86_64-w64-mingw32/15.2.0/../../../../x86_64-w64-mingw32/bin/as.exe -v -I . -I sqlite3 -I curl\include -I scintilla_src\scintilla\include -I lexilla_src\lexilla\include -o C:\Users\NALLEB~1\AppData\Local\Temp\ccUeONpZ.o C:\Users\NALLEB~1\AppData\Local\Temp\ccS4g5Wl.s
GNU assembler version 2.45 (x86_64-w64-mingw32) using BFD version (GNU Binutils) 2.45
COLLECT_GCC_OPTIONS='-v' '-std=c++17' '-O2' '-Wall' '-mwindows' '-municode' '-I' '.' '-I' 'sqlite3' '-I' 'curl\include' '-D' 'CURL_STATICLIB' '-I' 'scintilla_src\scintilla\include' '-I' 'lexilla_src\lexilla\include' '-Lscintilla_src\scintilla\bin' '-Llexilla_src\lexilla\bin' '-Lcurl\lib' '-static' '-static-libgcc' '-o' 'NSBEdit.exe' '-mtune=core2' '-march=nocona' '-dumpdir' 'NSBEdit-'
 C:/mingw64/bin/../libexec/gcc/x86_64-w64-mingw32/15.2.0/cc1plus.exe -quiet -v -I . -I sqlite3 -I curl\include -I scintilla_src\scintilla\include -I lexilla_src\lexilla\include -iprefix C:/mingw64/bin/../lib/gcc/x86_64-w64-mingw32/15.2.0/ -DUNICODE -U_REENTRANT -D CURL_STATICLIB ne_statusbar.cpp -quiet -dumpdir NSBEdit- -dumpbase ne_statusbar.cpp -dumpbase-ext .cpp -mwindows -municode -mtune=core2 -march=nocona -O2 -Wall -std=c++17 -version -o C:\Users\NALLEB~1\AppData\Local\Temp\ccS4g5Wl.s
GNU C++17 (x86_64-mcf-seh-rev0, Built by MinGW-Builds project) version 15.2.0 (x86_64-w64-mingw32)
	compiled by GNU C version 15.2.0, GMP version 6.2.1, MPFR version 4.1.0, MPC version 1.2.1, isl version isl-0.27-GMP

GGC heuristics: --param ggc-min-expand=100 --param ggc-min-heapsize=131072
ignoring duplicate directory "C:/mingw64/lib/gcc/../../lib/gcc/x86_64-w64-mingw32/15.2.0/include/c++"
ignoring duplicate directory "C:/mingw64/lib/gcc/../../lib/gcc/x86_64-w64-mingw32/15.2.0/include/c++/x86_64-w64-mingw32"
ignoring duplicate directory "C:/mingw64/lib/gcc/../../lib/gcc/x86_64-w64-mingw32/15.2.0/include/c++/backward"
ignoring duplicate directory "C:/mingw64/lib/gcc/../../lib/gcc/x86_64-w64-mingw32/15.2.0/include"
ignoring nonexistent directory "C:/buildroot/x86_64-1520-mcf-seh-ucrt-rt_v13-rev0/mingw64D:/a/_temp/msys64/mingw64/lib/gcc/x86_64-w64-mingw32/15.2.0/../../../../include"
ignoring duplicate directory "C:/mingw64/lib/gcc/../../lib/gcc/x86_64-w64-mingw32/15.2.0/include-fixed"
ignoring duplicate directory "C:/mingw64/lib/gcc/../../lib/gcc/x86_64-w64-mingw32/15.2.0/../../../../x86_64-w64-mingw32/include"
ignoring nonexistent directory "C:/buildroot/x86_64-1520-mcf-seh-ucrt-rt_v13-rev0/mingw64/mingw/include"
#include "..." search starts here:
#include <...> search starts here:
 .
 sqlite3
 curl\include
 scintilla_src\scintilla\include
 lexilla_src\lexilla\include
 C:/mingw64/bin/../lib/gcc/x86_64-w64-mingw32/15.2.0/include/c++
 C:/mingw64/bin/../lib/gcc/x86_64-w64-mingw32/15.2.0/include/c++/x86_64-w64-mingw32
 C:/mingw64/bin/../lib/gcc/x86_64-w64-mingw32/15.2.0/include/c++/backward
 C:/mingw64/bin/../lib/gcc/x86_64-w64-mingw32/15.2.0/include
 C:/mingw64/bin/../lib/gcc/x86_64-w64-mingw32/15.2.0/include-fixed
 C:/mingw64/bin/../lib/gcc/x86_64-w64-mingw32/15.2.0/../../../../x86_64-w64-mingw32/include
End of search list.
Compiler executable checksum: 61de8c4d747942bd598ac96411382eff
COLLECT_GCC_OPTIONS='-v' '-std=c++17' '-O2' '-Wall' '-mwindows' '-municode' '-I' '.' '-I' 'sqlite3' '-I' 'curl\include' '-D' 'CURL_STATICLIB' '-I' 'scintilla_src\scintilla\include' '-I' 'lexilla_src\lexilla\include' '-Lscintilla_src\scintilla\bin' '-Llexilla_src\lexilla\bin' '-Lcurl\lib' '-static' '-static-libgcc' '-o' 'NSBEdit.exe' '-mtune=core2' '-march=nocona' '-dumpdir' 'NSBEdit-'
 C:/mingw64/bin/../lib/gcc/x86_64-w64-mingw32/15.2.0/../../../../x86_64-w64-mingw32/bin/as.exe -v -I . -I sqlite3 -I curl\include -I scintilla_src\scintilla\include -I lexilla_src\lexilla\include -o C:\Users\NALLEB~1\AppData\Local\Temp\cc1ceHmh.o C:\Users\NALLEB~1\AppData\Local\Temp\ccS4g5Wl.s
GNU assembler version 2.45 (x86_64-w64-mingw32) using BFD version (GNU Binutils) 2.45
COLLECT_GCC_OPTIONS='-v' '-std=c++17' '-O2' '-Wall' '-mwindows' '-municode' '-I' '.' '-I' 'sqlite3' '-I' 'curl\include' '-D' 'CURL_STATICLIB' '-I' 'scintilla_src\scintilla\include' '-I' 'lexilla_src\lexilla\include' '-Lscintilla_src\scintilla\bin' '-Llexilla_src\lexilla\bin' '-Lcurl\lib' '-static' '-static-libgcc' '-o' 'NSBEdit.exe' '-mtune=core2' '-march=nocona' '-dumpdir' 'NSBEdit-'
 C:/mingw64/bin/../libexec/gcc/x86_64-w64-mingw32/15.2.0/cc1plus.exe -quiet -v -I . -I sqlite3 -I curl\include -I scintilla_src\scintilla\include -I lexilla_src\lexilla\include -iprefix C:/mingw64/bin/../lib/gcc/x86_64-w64-mingw32/15.2.0/ -DUNICODE -U_REENTRANT -D CURL_STATICLIB dpi.cpp -quiet -dumpdir NSBEdit- -dumpbase dpi.cpp -dumpbase-ext .cpp -mwindows -municode -mtune=core2 -march=nocona -O2 -Wall -std=c++17 -version -o C:\Users\NALLEB~1\AppData\Local\Temp\ccS4g5Wl.s
GNU C++17 (x86_64-mcf-seh-rev0, Built by MinGW-Builds project) version 15.2.0 (x86_64-w64-mingw32)
	compiled by GNU C version 15.2.0, GMP version 6.2.1, MPFR version 4.1.0, MPC version 1.2.1, isl version isl-0.27-GMP

GGC heuristics: --param ggc-min-expand=100 --param ggc-min-heapsize=131072
ignoring duplicate directory "C:/mingw64/lib/gcc/../../lib/gcc/x86_64-w64-mingw32/15.2.0/include/c++"
ignoring duplicate directory "C:/mingw64/lib/gcc/../../lib/gcc/x86_64-w64-mingw32/15.2.0/include/c++/x86_64-w64-mingw32"
ignoring duplicate directory "C:/mingw64/lib/gcc/../../lib/gcc/x86_64-w64-mingw32/15.2.0/include/c++/backward"
ignoring duplicate directory "C:/mingw64/lib/gcc/../../lib/gcc/x86_64-w64-mingw32/15.2.0/include"
ignoring nonexistent directory "C:/buildroot/x86_64-1520-mcf-seh-ucrt-rt_v13-rev0/mingw64D:/a/_temp/msys64/mingw64/lib/gcc/x86_64-w64-mingw32/15.2.0/../../../../include"
ignoring duplicate directory "C:/mingw64/lib/gcc/../../lib/gcc/x86_64-w64-mingw32/15.2.0/include-fixed"
ignoring duplicate directory "C:/mingw64/lib/gcc/../../lib/gcc/x86_64-w64-mingw32/15.2.0/../../../../x86_64-w64-mingw32/include"
ignoring nonexistent directory "C:/buildroot/x86_64-1520-mcf-seh-ucrt-rt_v13-rev0/mingw64/mingw/include"
#include "..." search starts here:
#include <...> search starts here:
 .
 sqlite3
 curl\include
 scintilla_src\scintilla\include
 lexilla_src\lexilla\include
 C:/mingw64/bin/../lib/gcc/x86_64-w64-mingw32/15.2.0/include/c++
 C:/mingw64/bin/../lib/gcc/x86_64-w64-mingw32/15.2.0/include/c++/x86_64-w64-mingw32
 C:/mingw64/bin/../lib/gcc/x86_64-w64-mingw32/15.2.0/include/c++/backward
 C:/mingw64/bin/../lib/gcc/x86_64-w64-mingw32/15.2.0/include
 C:/mingw64/bin/../lib/gcc/x86_64-w64-mingw32/15.2.0/include-fixed
 C:/mingw64/bin/../lib/gcc/x86_64-w64-mingw32/15.2.0/../../../../x86_64-w64-mingw32/include
End of search list.
Compiler executable checksum: 61de8c4d747942bd598ac96411382eff
COLLECT_GCC_OPTIONS='-v' '-std=c++17' '-O2' '-Wall' '-mwindows' '-municode' '-I' '.' '-I' 'sqlite3' '-I' 'curl\include' '-D' 'CURL_STATICLIB' '-I' 'scintilla_src\scintilla\include' '-I' 'lexilla_src\lexilla\include' '-Lscintilla_src\scintilla\bin' '-Llexilla_src\lexilla\bin' '-Lcurl\lib' '-static' '-static-libgcc' '-o' 'NSBEdit.exe' '-mtune=core2' '-march=nocona' '-dumpdir' 'NSBEdit-'
 C:/mingw64/bin/../lib/gcc/x86_64-w64-mingw32/15.2.0/../../../../x86_64-w64-mingw32/bin/as.exe -v -I . -I sqlite3 -I curl\include -I scintilla_src\scintilla\include -I lexilla_src\lexilla\include -o C:\Users\NALLEB~1\AppData\Local\Temp\ccvmOBZn.o C:\Users\NALLEB~1\AppData\Local\Temp\ccS4g5Wl.s
GNU assembler version 2.45 (x86_64-w64-mingw32) using BFD version (GNU Binutils) 2.45
COLLECT_GCC_OPTIONS='-v' '-std=c++17' '-O2' '-Wall' '-mwindows' '-municode' '-I' '.' '-I' 'sqlite3' '-I' 'curl\include' '-D' 'CURL_STATICLIB' '-I' 'scintilla_src\scintilla\include' '-I' 'lexilla_src\lexilla\include' '-Lscintilla_src\scintilla\bin' '-Llexilla_src\lexilla\bin' '-Lcurl\lib' '-static' '-static-libgcc' '-o' 'NSBEdit.exe' '-mtune=core2' '-march=nocona' '-dumpdir' 'NSBEdit-'
 C:/mingw64/bin/../libexec/gcc/x86_64-w64-mingw32/15.2.0/cc1plus.exe -quiet -v -I . -I sqlite3 -I curl\include -I scintilla_src\scintilla\include -I lexilla_src\lexilla\include -iprefix C:/mingw64/bin/../lib/gcc/x86_64-w64-mingw32/15.2.0/ -DUNICODE -U_REENTRANT -D CURL_STATICLIB tooltip\tooltip.cpp -quiet -dumpdir NSBEdit- -dumpbase tooltip.cpp -dumpbase-ext .cpp -mwindows -municode -mtune=core2 -march=nocona -O2 -Wall -std=c++17 -version -o C:\Users\NALLEB~1\AppData\Local\Temp\ccS4g5Wl.s
GNU C++17 (x86_64-mcf-seh-rev0, Built by MinGW-Builds project) version 15.2.0 (x86_64-w64-mingw32)
	compiled by GNU C version 15.2.0, GMP version 6.2.1, MPFR version 4.1.0, MPC version 1.2.1, isl version isl-0.27-GMP

GGC heuristics: --param ggc-min-expand=100 --param ggc-min-heapsize=131072
ignoring duplicate directory "C:/mingw64/lib/gcc/../../lib/gcc/x86_64-w64-mingw32/15.2.0/include/c++"
ignoring duplicate directory "C:/mingw64/lib/gcc/../../lib/gcc/x86_64-w64-mingw32/15.2.0/include/c++/x86_64-w64-mingw32"
ignoring duplicate directory "C:/mingw64/lib/gcc/../../lib/gcc/x86_64-w64-mingw32/15.2.0/include/c++/backward"
ignoring duplicate directory "C:/mingw64/lib/gcc/../../lib/gcc/x86_64-w64-mingw32/15.2.0/include"
ignoring nonexistent directory "C:/buildroot/x86_64-1520-mcf-seh-ucrt-rt_v13-rev0/mingw64D:/a/_temp/msys64/mingw64/lib/gcc/x86_64-w64-mingw32/15.2.0/../../../../include"
ignoring duplicate directory "C:/mingw64/lib/gcc/../../lib/gcc/x86_64-w64-mingw32/15.2.0/include-fixed"
ignoring duplicate directory "C:/mingw64/lib/gcc/../../lib/gcc/x86_64-w64-mingw32/15.2.0/../../../../x86_64-w64-mingw32/include"
ignoring nonexistent directory "C:/buildroot/x86_64-1520-mcf-seh-ucrt-rt_v13-rev0/mingw64/mingw/include"
#include "..." search starts here:
#include <...> search starts here:
 .
 sqlite3
 curl\include
 scintilla_src\scintilla\include
 lexilla_src\lexilla\include
 C:/mingw64/bin/../lib/gcc/x86_64-w64-mingw32/15.2.0/include/c++
 C:/mingw64/bin/../lib/gcc/x86_64-w64-mingw32/15.2.0/include/c++/x86_64-w64-mingw32
 C:/mingw64/bin/../lib/gcc/x86_64-w64-mingw32/15.2.0/include/c++/backward
 C:/mingw64/bin/../lib/gcc/x86_64-w64-mingw32/15.2.0/include
 C:/mingw64/bin/../lib/gcc/x86_64-w64-mingw32/15.2.0/include-fixed
 C:/mingw64/bin/../lib/gcc/x86_64-w64-mingw32/15.2.0/../../../../x86_64-w64-mingw32/include
End of search list.
Compiler executable checksum: 61de8c4d747942bd598ac96411382eff
COLLECT_GCC_OPTIONS='-v' '-std=c++17' '-O2' '-Wall' '-mwindows' '-municode' '-I' '.' '-I' 'sqlite3' '-I' 'curl\include' '-D' 'CURL_STATICLIB' '-I' 'scintilla_src\scintilla\include' '-I' 'lexilla_src\lexilla\include' '-Lscintilla_src\scintilla\bin' '-Llexilla_src\lexilla\bin' '-Lcurl\lib' '-static' '-static-libgcc' '-o' 'NSBEdit.exe' '-mtune=core2' '-march=nocona' '-dumpdir' 'NSBEdit-'
 C:/mingw64/bin/../lib/gcc/x86_64-w64-mingw32/15.2.0/../../../../x86_64-w64-mingw32/bin/as.exe -v -I . -I sqlite3 -I curl\include -I scintilla_src\scintilla\include -I lexilla_src\lexilla\include -o C:\Users\NALLEB~1\AppData\Local\Temp\ccZGA3bT.o C:\Users\NALLEB~1\AppData\Local\Temp\ccS4g5Wl.s
GNU assembler version 2.45 (x86_64-w64-mingw32) using BFD version (GNU Binutils) 2.45
COLLECT_GCC_OPTIONS='-v' '-std=c++17' '-O2' '-Wall' '-mwindows' '-municode' '-I' '.' '-I' 'sqlite3' '-I' 'curl\include' '-D' 'CURL_STATICLIB' '-I' 'scintilla_src\scintilla\include' '-I' 'lexilla_src\lexilla\include' '-Lscintilla_src\scintilla\bin' '-Llexilla_src\lexilla\bin' '-Lcurl\lib' '-static' '-static-libgcc' '-o' 'NSBEdit.exe' '-mtune=core2' '-march=nocona' '-dumpdir' 'NSBEdit-'
 C:/mingw64/bin/../libexec/gcc/x86_64-w64-mingw32/15.2.0/cc1plus.exe -quiet -v -I . -I sqlite3 -I curl\include -I scintilla_src\scintilla\include -I lexilla_src\lexilla\include -iprefix C:/mingw64/bin/../lib/gcc/x86_64-w64-mingw32/15.2.0/ -DUNICODE -U_REENTRANT -D CURL_STATICLIB scroll\my_scrollbar_vscroll.cpp -quiet -dumpdir NSBEdit- -dumpbase my_scrollbar_vscroll.cpp -dumpbase-ext .cpp -mwindows -municode -mtune=core2 -march=nocona -O2 -Wall -std=c++17 -version -o C:\Users\NALLEB~1\AppData\Local\Temp\ccS4g5Wl.s
GNU C++17 (x86_64-mcf-seh-rev0, Built by MinGW-Builds project) version 15.2.0 (x86_64-w64-mingw32)
	compiled by GNU C version 15.2.0, GMP version 6.2.1, MPFR version 4.1.0, MPC version 1.2.1, isl version isl-0.27-GMP

GGC heuristics: --param ggc-min-expand=100 --param ggc-min-heapsize=131072
ignoring duplicate directory "C:/mingw64/lib/gcc/../../lib/gcc/x86_64-w64-mingw32/15.2.0/include/c++"
ignoring duplicate directory "C:/mingw64/lib/gcc/../../lib/gcc/x86_64-w64-mingw32/15.2.0/include/c++/x86_64-w64-mingw32"
ignoring duplicate directory "C:/mingw64/lib/gcc/../../lib/gcc/x86_64-w64-mingw32/15.2.0/include/c++/backward"
ignoring duplicate directory "C:/mingw64/lib/gcc/../../lib/gcc/x86_64-w64-mingw32/15.2.0/include"
ignoring nonexistent directory "C:/buildroot/x86_64-1520-mcf-seh-ucrt-rt_v13-rev0/mingw64D:/a/_temp/msys64/mingw64/lib/gcc/x86_64-w64-mingw32/15.2.0/../../../../include"
ignoring duplicate directory "C:/mingw64/lib/gcc/../../lib/gcc/x86_64-w64-mingw32/15.2.0/include-fixed"
ignoring duplicate directory "C:/mingw64/lib/gcc/../../lib/gcc/x86_64-w64-mingw32/15.2.0/../../../../x86_64-w64-mingw32/include"
ignoring nonexistent directory "C:/buildroot/x86_64-1520-mcf-seh-ucrt-rt_v13-rev0/mingw64/mingw/include"
#include "..." search starts here:
#include <...> search starts here:
 .
 sqlite3
 curl\include
 scintilla_src\scintilla\include
 lexilla_src\lexilla\include
 C:/mingw64/bin/../lib/gcc/x86_64-w64-mingw32/15.2.0/include/c++
 C:/mingw64/bin/../lib/gcc/x86_64-w64-mingw32/15.2.0/include/c++/x86_64-w64-mingw32
 C:/mingw64/bin/../lib/gcc/x86_64-w64-mingw32/15.2.0/include/c++/backward
 C:/mingw64/bin/../lib/gcc/x86_64-w64-mingw32/15.2.0/include
 C:/mingw64/bin/../lib/gcc/x86_64-w64-mingw32/15.2.0/include-fixed
 C:/mingw64/bin/../lib/gcc/x86_64-w64-mingw32/15.2.0/../../../../x86_64-w64-mingw32/include
End of search list.
Compiler executable checksum: 61de8c4d747942bd598ac96411382eff
COLLECT_GCC_OPTIONS='-v' '-std=c++17' '-O2' '-Wall' '-mwindows' '-municode' '-I' '.' '-I' 'sqlite3' '-I' 'curl\include' '-D' 'CURL_STATICLIB' '-I' 'scintilla_src\scintilla\include' '-I' 'lexilla_src\lexilla\include' '-Lscintilla_src\scintilla\bin' '-Llexilla_src\lexilla\bin' '-Lcurl\lib' '-static' '-static-libgcc' '-o' 'NSBEdit.exe' '-mtune=core2' '-march=nocona' '-dumpdir' 'NSBEdit-'
 C:/mingw64/bin/../lib/gcc/x86_64-w64-mingw32/15.2.0/../../../../x86_64-w64-mingw32/bin/as.exe -v -I . -I sqlite3 -I curl\include -I scintilla_src\scintilla\include -I lexilla_src\lexilla\include -o C:\Users\NALLEB~1\AppData\Local\Temp\ccIUzbDN.o C:\Users\NALLEB~1\AppData\Local\Temp\ccS4g5Wl.s
GNU assembler version 2.45 (x86_64-w64-mingw32) using BFD version (GNU Binutils) 2.45
COLLECT_GCC_OPTIONS='-v' '-std=c++17' '-O2' '-Wall' '-mwindows' '-municode' '-I' '.' '-I' 'sqlite3' '-I' 'curl\include' '-D' 'CURL_STATICLIB' '-I' 'scintilla_src\scintilla\include' '-I' 'lexilla_src\lexilla\include' '-Lscintilla_src\scintilla\bin' '-Llexilla_src\lexilla\bin' '-Lcurl\lib' '-static' '-static-libgcc' '-o' 'NSBEdit.exe' '-mtune=core2' '-march=nocona' '-dumpdir' 'NSBEdit-'
 C:/mingw64/bin/../libexec/gcc/x86_64-w64-mingw32/15.2.0/cc1plus.exe -quiet -v -I . -I sqlite3 -I curl\include -I scintilla_src\scintilla\include -I lexilla_src\lexilla\include -iprefix C:/mingw64/bin/../lib/gcc/x86_64-w64-mingw32/15.2.0/ -DUNICODE -U_REENTRANT -D CURL_STATICLIB highlight\highlight.cpp -quiet -dumpdir NSBEdit- -dumpbase highlight.cpp -dumpbase-ext .cpp -mwindows -municode -mtune=core2 -march=nocona -O2 -Wall -std=c++17 -version -o C:\Users\NALLEB~1\AppData\Local\Temp\ccS4g5Wl.s
GNU C++17 (x86_64-mcf-seh-rev0, Built by MinGW-Builds project) version 15.2.0 (x86_64-w64-mingw32)
	compiled by GNU C version 15.2.0, GMP version 6.2.1, MPFR version 4.1.0, MPC version 1.2.1, isl version isl-0.27-GMP

GGC heuristics: --param ggc-min-expand=100 --param ggc-min-heapsize=131072
ignoring duplicate directory "C:/mingw64/lib/gcc/../../lib/gcc/x86_64-w64-mingw32/15.2.0/include/c++"
ignoring duplicate directory "C:/mingw64/lib/gcc/../../lib/gcc/x86_64-w64-mingw32/15.2.0/include/c++/x86_64-w64-mingw32"
ignoring duplicate directory "C:/mingw64/lib/gcc/../../lib/gcc/x86_64-w64-mingw32/15.2.0/include/c++/backward"
ignoring duplicate directory "C:/mingw64/lib/gcc/../../lib/gcc/x86_64-w64-mingw32/15.2.0/include"
ignoring nonexistent directory "C:/buildroot/x86_64-1520-mcf-seh-ucrt-rt_v13-rev0/mingw64D:/a/_temp/msys64/mingw64/lib/gcc/x86_64-w64-mingw32/15.2.0/../../../../include"
ignoring duplicate directory "C:/mingw64/lib/gcc/../../lib/gcc/x86_64-w64-mingw32/15.2.0/include-fixed"
ignoring duplicate directory "C:/mingw64/lib/gcc/../../lib/gcc/x86_64-w64-mingw32/15.2.0/../../../../x86_64-w64-mingw32/include"
ignoring nonexistent directory "C:/buildroot/x86_64-1520-mcf-seh-ucrt-rt_v13-rev0/mingw64/mingw/include"
#include "..." search starts here:
#include <...> search starts here:
 .
 sqlite3
 curl\include
 scintilla_src\scintilla\include
 lexilla_src\lexilla\include
 C:/mingw64/bin/../lib/gcc/x86_64-w64-mingw32/15.2.0/include/c++
 C:/mingw64/bin/../lib/gcc/x86_64-w64-mingw32/15.2.0/include/c++/x86_64-w64-mingw32
 C:/mingw64/bin/../lib/gcc/x86_64-w64-mingw32/15.2.0/include/c++/backward
 C:/mingw64/bin/../lib/gcc/x86_64-w64-mingw32/15.2.0/include
 C:/mingw64/bin/../lib/gcc/x86_64-w64-mingw32/15.2.0/include-fixed
 C:/mingw64/bin/../lib/gcc/x86_64-w64-mingw32/15.2.0/../../../../x86_64-w64-mingw32/include
End of search list.
Compiler executable checksum: 61de8c4d747942bd598ac96411382eff
COLLECT_GCC_OPTIONS='-v' '-std=c++17' '-O2' '-Wall' '-mwindows' '-municode' '-I' '.' '-I' 'sqlite3' '-I' 'curl\include' '-D' 'CURL_STATICLIB' '-I' 'scintilla_src\scintilla\include' '-I' 'lexilla_src\lexilla\include' '-Lscintilla_src\scintilla\bin' '-Llexilla_src\lexilla\bin' '-Lcurl\lib' '-static' '-static-libgcc' '-o' 'NSBEdit.exe' '-mtune=core2' '-march=nocona' '-dumpdir' 'NSBEdit-'
 C:/mingw64/bin/../lib/gcc/x86_64-w64-mingw32/15.2.0/../../../../x86_64-w64-mingw32/bin/as.exe -v -I . -I sqlite3 -I curl\include -I scintilla_src\scintilla\include -I lexilla_src\lexilla\include -o C:\Users\NALLEB~1\AppData\Local\Temp\ccU8bTPN.o C:\Users\NALLEB~1\AppData\Local\Temp\ccS4g5Wl.s
GNU assembler version 2.45 (x86_64-w64-mingw32) using BFD version (GNU Binutils) 2.45
COLLECT_GCC_OPTIONS='-v' '-std=c++17' '-O2' '-Wall' '-mwindows' '-municode' '-I' '.' '-I' 'sqlite3' '-I' 'curl\include' '-D' 'CURL_STATICLIB' '-I' 'scintilla_src\scintilla\include' '-I' 'lexilla_src\lexilla\include' '-Lscintilla_src\scintilla\bin' '-Llexilla_src\lexilla\bin' '-Lcurl\lib' '-static' '-static-libgcc' '-o' 'NSBEdit.exe' '-mtune=core2' '-march=nocona' '-dumpdir' 'NSBEdit-'
 C:/mingw64/bin/../libexec/gcc/x86_64-w64-mingw32/15.2.0/cc1plus.exe -quiet -v -I . -I sqlite3 -I curl\include -I scintilla_src\scintilla\include -I lexilla_src\lexilla\include -iprefix C:/mingw64/bin/../lib/gcc/x86_64-w64-mingw32/15.2.0/ -DUNICODE -U_REENTRANT -D CURL_STATICLIB checkbox.cpp -quiet -dumpdir NSBEdit- -dumpbase checkbox.cpp -dumpbase-ext .cpp -mwindows -municode -mtune=core2 -march=nocona -O2 -Wall -std=c++17 -version -o C:\Users\NALLEB~1\AppData\Local\Temp\ccS4g5Wl.s
GNU C++17 (x86_64-mcf-seh-rev0, Built by MinGW-Builds project) version 15.2.0 (x86_64-w64-mingw32)
	compiled by GNU C version 15.2.0, GMP version 6.2.1, MPFR version 4.1.0, MPC version 1.2.1, isl version isl-0.27-GMP

GGC heuristics: --param ggc-min-expand=100 --param ggc-min-heapsize=131072
ignoring duplicate directory "C:/mingw64/lib/gcc/../../lib/gcc/x86_64-w64-mingw32/15.2.0/include/c++"
ignoring duplicate directory "C:/mingw64/lib/gcc/../../lib/gcc/x86_64-w64-mingw32/15.2.0/include/c++/x86_64-w64-mingw32"
ignoring duplicate directory "C:/mingw64/lib/gcc/../../lib/gcc/x86_64-w64-mingw32/15.2.0/include/c++/backward"
ignoring duplicate directory "C:/mingw64/lib/gcc/../../lib/gcc/x86_64-w64-mingw32/15.2.0/include"
ignoring nonexistent directory "C:/buildroot/x86_64-1520-mcf-seh-ucrt-rt_v13-rev0/mingw64D:/a/_temp/msys64/mingw64/lib/gcc/x86_64-w64-mingw32/15.2.0/../../../../include"
ignoring duplicate directory "C:/mingw64/lib/gcc/../../lib/gcc/x86_64-w64-mingw32/15.2.0/include-fixed"
ignoring duplicate directory "C:/mingw64/lib/gcc/../../lib/gcc/x86_64-w64-mingw32/15.2.0/../../../../x86_64-w64-mingw32/include"
ignoring nonexistent directory "C:/buildroot/x86_64-1520-mcf-seh-ucrt-rt_v13-rev0/mingw64/mingw/include"
#include "..." search starts here:
#include <...> search starts here:
 .
 sqlite3
 curl\include
 scintilla_src\scintilla\include
 lexilla_src\lexilla\include
 C:/mingw64/bin/../lib/gcc/x86_64-w64-mingw32/15.2.0/include/c++
 C:/mingw64/bin/../lib/gcc/x86_64-w64-mingw32/15.2.0/include/c++/x86_64-w64-mingw32
 C:/mingw64/bin/../lib/gcc/x86_64-w64-mingw32/15.2.0/include/c++/backward
 C:/mingw64/bin/../lib/gcc/x86_64-w64-mingw32/15.2.0/include
 C:/mingw64/bin/../lib/gcc/x86_64-w64-mingw32/15.2.0/include-fixed
 C:/mingw64/bin/../lib/gcc/x86_64-w64-mingw32/15.2.0/../../../../x86_64-w64-mingw32/include
End of search list.
Compiler executable checksum: 61de8c4d747942bd598ac96411382eff
COLLECT_GCC_OPTIONS='-v' '-std=c++17' '-O2' '-Wall' '-mwindows' '-municode' '-I' '.' '-I' 'sqlite3' '-I' 'curl\include' '-D' 'CURL_STATICLIB' '-I' 'scintilla_src\scintilla\include' '-I' 'lexilla_src\lexilla\include' '-Lscintilla_src\scintilla\bin' '-Llexilla_src\lexilla\bin' '-Lcurl\lib' '-static' '-static-libgcc' '-o' 'NSBEdit.exe' '-mtune=core2' '-march=nocona' '-dumpdir' 'NSBEdit-'
 C:/mingw64/bin/../lib/gcc/x86_64-w64-mingw32/15.2.0/../../../../x86_64-w64-mingw32/bin/as.exe -v -I . -I sqlite3 -I curl\include -I scintilla_src\scintilla\include -I lexilla_src\lexilla\include -o C:\Users\NALLEB~1\AppData\Local\Temp\cc3uxFMR.o C:\Users\NALLEB~1\AppData\Local\Temp\ccS4g5Wl.s
GNU assembler version 2.45 (x86_64-w64-mingw32) using BFD version (GNU Binutils) 2.45
COLLECT_GCC_OPTIONS='-v' '-std=c++17' '-O2' '-Wall' '-mwindows' '-municode' '-I' '.' '-I' 'sqlite3' '-I' 'curl\include' '-D' 'CURL_STATICLIB' '-I' 'scintilla_src\scintilla\include' '-I' 'lexilla_src\lexilla\include' '-Lscintilla_src\scintilla\bin' '-Llexilla_src\lexilla\bin' '-Lcurl\lib' '-static' '-static-libgcc' '-o' 'NSBEdit.exe' '-mtune=core2' '-march=nocona' '-dumpdir' 'NSBEdit-'
 C:/mingw64/bin/../libexec/gcc/x86_64-w64-mingw32/15.2.0/cc1plus.exe -quiet -v -I . -I sqlite3 -I curl\include -I scintilla_src\scintilla\include -I lexilla_src\lexilla\include -iprefix C:/mingw64/bin/../lib/gcc/x86_64-w64-mingw32/15.2.0/ -DUNICODE -U_REENTRANT -D CURL_STATICLIB ne_crypto.cpp -quiet -dumpdir NSBEdit- -dumpbase ne_crypto.cpp -dumpbase-ext .cpp -mwindows -municode -mtune=core2 -march=nocona -O2 -Wall -std=c++17 -version -o C:\Users\NALLEB~1\AppData\Local\Temp\ccS4g5Wl.s
GNU C++17 (x86_64-mcf-seh-rev0, Built by MinGW-Builds project) version 15.2.0 (x86_64-w64-mingw32)
	compiled by GNU C version 15.2.0, GMP version 6.2.1, MPFR version 4.1.0, MPC version 1.2.1, isl version isl-0.27-GMP

GGC heuristics: --param ggc-min-expand=100 --param ggc-min-heapsize=131072
ignoring duplicate directory "C:/mingw64/lib/gcc/../../lib/gcc/x86_64-w64-mingw32/15.2.0/include/c++"
ignoring duplicate directory "C:/mingw64/lib/gcc/../../lib/gcc/x86_64-w64-mingw32/15.2.0/include/c++/x86_64-w64-mingw32"
ignoring duplicate directory "C:/mingw64/lib/gcc/../../lib/gcc/x86_64-w64-mingw32/15.2.0/include/c++/backward"
ignoring duplicate directory "C:/mingw64/lib/gcc/../../lib/gcc/x86_64-w64-mingw32/15.2.0/include"
ignoring nonexistent directory "C:/buildroot/x86_64-1520-mcf-seh-ucrt-rt_v13-rev0/mingw64D:/a/_temp/msys64/mingw64/lib/gcc/x86_64-w64-mingw32/15.2.0/../../../../include"
ignoring duplicate directory "C:/mingw64/lib/gcc/../../lib/gcc/x86_64-w64-mingw32/15.2.0/include-fixed"
ignoring duplicate directory "C:/mingw64/lib/gcc/../../lib/gcc/x86_64-w64-mingw32/15.2.0/../../../../x86_64-w64-mingw32/include"
ignoring nonexistent directory "C:/buildroot/x86_64-1520-mcf-seh-ucrt-rt_v13-rev0/mingw64/mingw/include"
#include "..." search starts here:
#include <...> search starts here:
 .
 sqlite3
 curl\include
 scintilla_src\scintilla\include
 lexilla_src\lexilla\include
 C:/mingw64/bin/../lib/gcc/x86_64-w64-mingw32/15.2.0/include/c++
 C:/mingw64/bin/../lib/gcc/x86_64-w64-mingw32/15.2.0/include/c++/x86_64-w64-mingw32
 C:/mingw64/bin/../lib/gcc/x86_64-w64-mingw32/15.2.0/include/c++/backward
 C:/mingw64/bin/../lib/gcc/x86_64-w64-mingw32/15.2.0/include
 C:/mingw64/bin/../lib/gcc/x86_64-w64-mingw32/15.2.0/include-fixed
 C:/mingw64/bin/../lib/gcc/x86_64-w64-mingw32/15.2.0/../../../../x86_64-w64-mingw32/include
End of search list.
Compiler executable checksum: 61de8c4d747942bd598ac96411382eff
COLLECT_GCC_OPTIONS='-v' '-std=c++17' '-O2' '-Wall' '-mwindows' '-municode' '-I' '.' '-I' 'sqlite3' '-I' 'curl\include' '-D' 'CURL_STATICLIB' '-I' 'scintilla_src\scintilla\include' '-I' 'lexilla_src\lexilla\include' '-Lscintilla_src\scintilla\bin' '-Llexilla_src\lexilla\bin' '-Lcurl\lib' '-static' '-static-libgcc' '-o' 'NSBEdit.exe' '-mtune=core2' '-march=nocona' '-dumpdir' 'NSBEdit-'
 C:/mingw64/bin/../lib/gcc/x86_64-w64-mingw32/15.2.0/../../../../x86_64-w64-mingw32/bin/as.exe -v -I . -I sqlite3 -I curl\include -I scintilla_src\scintilla\include -I lexilla_src\lexilla\include -o C:\Users\NALLEB~1\AppData\Local\Temp\ccMYlzMb.o C:\Users\NALLEB~1\AppData\Local\Temp\ccS4g5Wl.s
GNU assembler version 2.45 (x86_64-w64-mingw32) using BFD version (GNU Binutils) 2.45
COLLECT_GCC_OPTIONS='-v' '-std=c++17' '-O2' '-Wall' '-mwindows' '-municode' '-I' '.' '-I' 'sqlite3' '-I' 'curl\include' '-D' 'CURL_STATICLIB' '-I' 'scintilla_src\scintilla\include' '-I' 'lexilla_src\lexilla\include' '-Lscintilla_src\scintilla\bin' '-Llexilla_src\lexilla\bin' '-Lcurl\lib' '-static' '-static-libgcc' '-o' 'NSBEdit.exe' '-mtune=core2' '-march=nocona' '-dumpdir' 'NSBEdit-'
 C:/mingw64/bin/../libexec/gcc/x86_64-w64-mingw32/15.2.0/cc1plus.exe -quiet -v -I . -I sqlite3 -I curl\include -I scintilla_src\scintilla\include -I lexilla_src\lexilla\include -iprefix C:/mingw64/bin/../lib/gcc/x86_64-w64-mingw32/15.2.0/ -DUNICODE -U_REENTRANT -D CURL_STATICLIB ne_profiles.cpp -quiet -dumpdir NSBEdit- -dumpbase ne_profiles.cpp -dumpbase-ext .cpp -mwindows -municode -mtune=core2 -march=nocona -O2 -Wall -std=c++17 -version -o C:\Users\NALLEB~1\AppData\Local\Temp\ccS4g5Wl.s
GNU C++17 (x86_64-mcf-seh-rev0, Built by MinGW-Builds project) version 15.2.0 (x86_64-w64-mingw32)
	compiled by GNU C version 15.2.0, GMP version 6.2.1, MPFR version 4.1.0, MPC version 1.2.1, isl version isl-0.27-GMP

GGC heuristics: --param ggc-min-expand=100 --param ggc-min-heapsize=131072
ignoring duplicate directory "C:/mingw64/lib/gcc/../../lib/gcc/x86_64-w64-mingw32/15.2.0/include/c++"
ignoring duplicate directory "C:/mingw64/lib/gcc/../../lib/gcc/x86_64-w64-mingw32/15.2.0/include/c++/x86_64-w64-mingw32"
ignoring duplicate directory "C:/mingw64/lib/gcc/../../lib/gcc/x86_64-w64-mingw32/15.2.0/include/c++/backward"
ignoring duplicate directory "C:/mingw64/lib/gcc/../../lib/gcc/x86_64-w64-mingw32/15.2.0/include"
ignoring nonexistent directory "C:/buildroot/x86_64-1520-mcf-seh-ucrt-rt_v13-rev0/mingw64D:/a/_temp/msys64/mingw64/lib/gcc/x86_64-w64-mingw32/15.2.0/../../../../include"
ignoring duplicate directory "C:/mingw64/lib/gcc/../../lib/gcc/x86_64-w64-mingw32/15.2.0/include-fixed"
ignoring duplicate directory "C:/mingw64/lib/gcc/../../lib/gcc/x86_64-w64-mingw32/15.2.0/../../../../x86_64-w64-mingw32/include"
ignoring nonexistent directory "C:/buildroot/x86_64-1520-mcf-seh-ucrt-rt_v13-rev0/mingw64/mingw/include"
#include "..." search starts here:
#include <...> search starts here:
 .
 sqlite3
 curl\include
 scintilla_src\scintilla\include
 lexilla_src\lexilla\include
 C:/mingw64/bin/../lib/gcc/x86_64-w64-mingw32/15.2.0/include/c++
 C:/mingw64/bin/../lib/gcc/x86_64-w64-mingw32/15.2.0/include/c++/x86_64-w64-mingw32
 C:/mingw64/bin/../lib/gcc/x86_64-w64-mingw32/15.2.0/include/c++/backward
 C:/mingw64/bin/../lib/gcc/x86_64-w64-mingw32/15.2.0/include
 C:/mingw64/bin/../lib/gcc/x86_64-w64-mingw32/15.2.0/include-fixed
 C:/mingw64/bin/../lib/gcc/x86_64-w64-mingw32/15.2.0/../../../../x86_64-w64-mingw32/include
End of search list.
Compiler executable checksum: 61de8c4d747942bd598ac96411382eff
COLLECT_GCC_OPTIONS='-v' '-std=c++17' '-O2' '-Wall' '-mwindows' '-municode' '-I' '.' '-I' 'sqlite3' '-I' 'curl\include' '-D' 'CURL_STATICLIB' '-I' 'scintilla_src\scintilla\include' '-I' 'lexilla_src\lexilla\include' '-Lscintilla_src\scintilla\bin' '-Llexilla_src\lexilla\bin' '-Lcurl\lib' '-static' '-static-libgcc' '-o' 'NSBEdit.exe' '-mtune=core2' '-march=nocona' '-dumpdir' 'NSBEdit-'
 C:/mingw64/bin/../lib/gcc/x86_64-w64-mingw32/15.2.0/../../../../x86_64-w64-mingw32/bin/as.exe -v -I . -I sqlite3 -I curl\include -I scintilla_src\scintilla\include -I lexilla_src\lexilla\include -o C:\Users\NALLEB~1\AppData\Local\Temp\ccYOAA2e.o C:\Users\NALLEB~1\AppData\Local\Temp\ccS4g5Wl.s
GNU assembler version 2.45 (x86_64-w64-mingw32) using BFD version (GNU Binutils) 2.45
COLLECT_GCC_OPTIONS='-v' '-std=c++17' '-O2' '-Wall' '-mwindows' '-municode' '-I' '.' '-I' 'sqlite3' '-I' 'curl\include' '-D' 'CURL_STATICLIB' '-I' 'scintilla_src\scintilla\include' '-I' 'lexilla_src\lexilla\include' '-Lscintilla_src\scintilla\bin' '-Llexilla_src\lexilla\bin' '-Lcurl\lib' '-static' '-static-libgcc' '-o' 'NSBEdit.exe' '-mtune=core2' '-march=nocona' '-dumpdir' 'NSBEdit-'
 C:/mingw64/bin/../libexec/gcc/x86_64-w64-mingw32/15.2.0/cc1plus.exe -quiet -v -I . -I sqlite3 -I curl\include -I scintilla_src\scintilla\include -I lexilla_src\lexilla\include -iprefix C:/mingw64/bin/../lib/gcc/x86_64-w64-mingw32/15.2.0/ -DUNICODE -U_REENTRANT -D CURL_STATICLIB ne_ftp.cpp -quiet -dumpdir NSBEdit- -dumpbase ne_ftp.cpp -dumpbase-ext .cpp -mwindows -municode -mtune=core2 -march=nocona -O2 -Wall -std=c++17 -version -o C:\Users\NALLEB~1\AppData\Local\Temp\ccS4g5Wl.s
GNU C++17 (x86_64-mcf-seh-rev0, Built by MinGW-Builds project) version 15.2.0 (x86_64-w64-mingw32)
	compiled by GNU C version 15.2.0, GMP version 6.2.1, MPFR version 4.1.0, MPC version 1.2.1, isl version isl-0.27-GMP

GGC heuristics: --param ggc-min-expand=100 --param ggc-min-heapsize=131072
ignoring duplicate directory "C:/mingw64/lib/gcc/../../lib/gcc/x86_64-w64-mingw32/15.2.0/include/c++"
ignoring duplicate directory "C:/mingw64/lib/gcc/../../lib/gcc/x86_64-w64-mingw32/15.2.0/include/c++/x86_64-w64-mingw32"
ignoring duplicate directory "C:/mingw64/lib/gcc/../../lib/gcc/x86_64-w64-mingw32/15.2.0/include/c++/backward"
ignoring duplicate directory "C:/mingw64/lib/gcc/../../lib/gcc/x86_64-w64-mingw32/15.2.0/include"
ignoring nonexistent directory "C:/buildroot/x86_64-1520-mcf-seh-ucrt-rt_v13-rev0/mingw64D:/a/_temp/msys64/mingw64/lib/gcc/x86_64-w64-mingw32/15.2.0/../../../../include"
ignoring duplicate directory "C:/mingw64/lib/gcc/../../lib/gcc/x86_64-w64-mingw32/15.2.0/include-fixed"
ignoring duplicate directory "C:/mingw64/lib/gcc/../../lib/gcc/x86_64-w64-mingw32/15.2.0/../../../../x86_64-w64-mingw32/include"
ignoring nonexistent directory "C:/buildroot/x86_64-1520-mcf-seh-ucrt-rt_v13-rev0/mingw64/mingw/include"
#include "..." search starts here:
#include <...> search starts here:
 .
 sqlite3
 curl\include
 scintilla_src\scintilla\include
 lexilla_src\lexilla\include
 C:/mingw64/bin/../lib/gcc/x86_64-w64-mingw32/15.2.0/include/c++
 C:/mingw64/bin/../lib/gcc/x86_64-w64-mingw32/15.2.0/include/c++/x86_64-w64-mingw32
 C:/mingw64/bin/../lib/gcc/x86_64-w64-mingw32/15.2.0/include/c++/backward
 C:/mingw64/bin/../lib/gcc/x86_64-w64-mingw32/15.2.0/include
 C:/mingw64/bin/../lib/gcc/x86_64-w64-mingw32/15.2.0/include-fixed
 C:/mingw64/bin/../lib/gcc/x86_64-w64-mingw32/15.2.0/../../../../x86_64-w64-mingw32/include
End of search list.
Compiler executable checksum: 61de8c4d747942bd598ac96411382eff
COLLECT_GCC_OPTIONS='-v' '-std=c++17' '-O2' '-Wall' '-mwindows' '-municode' '-I' '.' '-I' 'sqlite3' '-I' 'curl\include' '-D' 'CURL_STATICLIB' '-I' 'scintilla_src\scintilla\include' '-I' 'lexilla_src\lexilla\include' '-Lscintilla_src\scintilla\bin' '-Llexilla_src\lexilla\bin' '-Lcurl\lib' '-static' '-static-libgcc' '-o' 'NSBEdit.exe' '-mtune=core2' '-march=nocona' '-dumpdir' 'NSBEdit-'
 C:/mingw64/bin/../lib/gcc/x86_64-w64-mingw32/15.2.0/../../../../x86_64-w64-mingw32/bin/as.exe -v -I . -I sqlite3 -I curl\include -I scintilla_src\scintilla\include -I lexilla_src\lexilla\include -o C:\Users\NALLEB~1\AppData\Local\Temp\ccxZqyel.o C:\Users\NALLEB~1\AppData\Local\Temp\ccS4g5Wl.s
GNU assembler version 2.45 (x86_64-w64-mingw32) using BFD version (GNU Binutils) 2.45
COLLECT_GCC_OPTIONS='-v' '-std=c++17' '-O2' '-Wall' '-mwindows' '-municode' '-I' '.' '-I' 'sqlite3' '-I' 'curl\include' '-D' 'CURL_STATICLIB' '-I' 'scintilla_src\scintilla\include' '-I' 'lexilla_src\lexilla\include' '-Lscintilla_src\scintilla\bin' '-Llexilla_src\lexilla\bin' '-Lcurl\lib' '-static' '-static-libgcc' '-o' 'NSBEdit.exe' '-mtune=core2' '-march=nocona' '-dumpdir' 'NSBEdit-'
 C:/mingw64/bin/../libexec/gcc/x86_64-w64-mingw32/15.2.0/cc1plus.exe -quiet -v -I . -I sqlite3 -I curl\include -I scintilla_src\scintilla\include -I lexilla_src\lexilla\include -iprefix C:/mingw64/bin/../lib/gcc/x86_64-w64-mingw32/15.2.0/ -DUNICODE -U_REENTRANT -D CURL_STATICLIB ne_autocomplete\ne_autocomplete.cpp -quiet -dumpdir NSBEdit- -dumpbase ne_autocomplete.cpp -dumpbase-ext .cpp -mwindows -municode -mtune=core2 -march=nocona -O2 -Wall -std=c++17 -version -o C:\Users\NALLEB~1\AppData\Local\Temp\ccS4g5Wl.s
GNU C++17 (x86_64-mcf-seh-rev0, Built by MinGW-Builds project) version 15.2.0 (x86_64-w64-mingw32)
	compiled by GNU C version 15.2.0, GMP version 6.2.1, MPFR version 4.1.0, MPC version 1.2.1, isl version isl-0.27-GMP

GGC heuristics: --param ggc-min-expand=100 --param ggc-min-heapsize=131072
ignoring duplicate directory "C:/mingw64/lib/gcc/../../lib/gcc/x86_64-w64-mingw32/15.2.0/include/c++"
ignoring duplicate directory "C:/mingw64/lib/gcc/../../lib/gcc/x86_64-w64-mingw32/15.2.0/include/c++/x86_64-w64-mingw32"
ignoring duplicate directory "C:/mingw64/lib/gcc/../../lib/gcc/x86_64-w64-mingw32/15.2.0/include/c++/backward"
ignoring duplicate directory "C:/mingw64/lib/gcc/../../lib/gcc/x86_64-w64-mingw32/15.2.0/include"
ignoring nonexistent directory "C:/buildroot/x86_64-1520-mcf-seh-ucrt-rt_v13-rev0/mingw64D:/a/_temp/msys64/mingw64/lib/gcc/x86_64-w64-mingw32/15.2.0/../../../../include"
ignoring duplicate directory "C:/mingw64/lib/gcc/../../lib/gcc/x86_64-w64-mingw32/15.2.0/include-fixed"
ignoring duplicate directory "C:/mingw64/lib/gcc/../../lib/gcc/x86_64-w64-mingw32/15.2.0/../../../../x86_64-w64-mingw32/include"
ignoring nonexistent directory "C:/buildroot/x86_64-1520-mcf-seh-ucrt-rt_v13-rev0/mingw64/mingw/include"
#include "..." search starts here:
#include <...> search starts here:
 .
 sqlite3
 curl\include
 scintilla_src\scintilla\include
 lexilla_src\lexilla\include
 C:/mingw64/bin/../lib/gcc/x86_64-w64-mingw32/15.2.0/include/c++
 C:/mingw64/bin/../lib/gcc/x86_64-w64-mingw32/15.2.0/include/c++/x86_64-w64-mingw32
 C:/mingw64/bin/../lib/gcc/x86_64-w64-mingw32/15.2.0/include/c++/backward
 C:/mingw64/bin/../lib/gcc/x86_64-w64-mingw32/15.2.0/include
 C:/mingw64/bin/../lib/gcc/x86_64-w64-mingw32/15.2.0/include-fixed
 C:/mingw64/bin/../lib/gcc/x86_64-w64-mingw32/15.2.0/../../../../x86_64-w64-mingw32/include
End of search list.
Compiler executable checksum: 61de8c4d747942bd598ac96411382eff
COLLECT_GCC_OPTIONS='-v' '-std=c++17' '-O2' '-Wall' '-mwindows' '-municode' '-I' '.' '-I' 'sqlite3' '-I' 'curl\include' '-D' 'CURL_STATICLIB' '-I' 'scintilla_src\scintilla\include' '-I' 'lexilla_src\lexilla\include' '-Lscintilla_src\scintilla\bin' '-Llexilla_src\lexilla\bin' '-Lcurl\lib' '-static' '-static-libgcc' '-o' 'NSBEdit.exe' '-mtune=core2' '-march=nocona' '-dumpdir' 'NSBEdit-'
 C:/mingw64/bin/../lib/gcc/x86_64-w64-mingw32/15.2.0/../../../../x86_64-w64-mingw32/bin/as.exe -v -I . -I sqlite3 -I curl\include -I scintilla_src\scintilla\include -I lexilla_src\lexilla\include -o C:\Users\NALLEB~1\AppData\Local\Temp\ccaViH6E.o C:\Users\NALLEB~1\AppData\Local\Temp\ccS4g5Wl.s
GNU assembler version 2.45 (x86_64-w64-mingw32) using BFD version (GNU Binutils) 2.45
COLLECT_GCC_OPTIONS='-v' '-std=c++17' '-O2' '-Wall' '-mwindows' '-municode' '-I' '.' '-I' 'sqlite3' '-I' 'curl\include' '-D' 'CURL_STATICLIB' '-I' 'scintilla_src\scintilla\include' '-I' 'lexilla_src\lexilla\include' '-Lscintilla_src\scintilla\bin' '-Llexilla_src\lexilla\bin' '-Lcurl\lib' '-static' '-static-libgcc' '-o' 'NSBEdit.exe' '-mtune=core2' '-march=nocona' '-dumpdir' 'NSBEdit-'
 C:/mingw64/bin/../libexec/gcc/x86_64-w64-mingw32/15.2.0/cc1plus.exe -quiet -v -I . -I sqlite3 -I curl\include -I scintilla_src\scintilla\include -I lexilla_src\lexilla\include -iprefix C:/mingw64/bin/../lib/gcc/x86_64-w64-mingw32/15.2.0/ -DUNICODE -U_REENTRANT -D CURL_STATICLIB rtf2html\ne_rtf2html_lib.cpp -quiet -dumpdir NSBEdit- -dumpbase ne_rtf2html_lib.cpp -dumpbase-ext .cpp -mwindows -municode -mtune=core2 -march=nocona -O2 -Wall -std=c++17 -version -o C:\Users\NALLEB~1\AppData\Local\Temp\ccS4g5Wl.s
GNU C++17 (x86_64-mcf-seh-rev0, Built by MinGW-Builds project) version 15.2.0 (x86_64-w64-mingw32)
	compiled by GNU C version 15.2.0, GMP version 6.2.1, MPFR version 4.1.0, MPC version 1.2.1, isl version isl-0.27-GMP

GGC heuristics: --param ggc-min-expand=100 --param ggc-min-heapsize=131072
ignoring duplicate directory "C:/mingw64/lib/gcc/../../lib/gcc/x86_64-w64-mingw32/15.2.0/include/c++"
ignoring duplicate directory "C:/mingw64/lib/gcc/../../lib/gcc/x86_64-w64-mingw32/15.2.0/include/c++/x86_64-w64-mingw32"
ignoring duplicate directory "C:/mingw64/lib/gcc/../../lib/gcc/x86_64-w64-mingw32/15.2.0/include/c++/backward"
ignoring duplicate directory "C:/mingw64/lib/gcc/../../lib/gcc/x86_64-w64-mingw32/15.2.0/include"
ignoring nonexistent directory "C:/buildroot/x86_64-1520-mcf-seh-ucrt-rt_v13-rev0/mingw64D:/a/_temp/msys64/mingw64/lib/gcc/x86_64-w64-mingw32/15.2.0/../../../../include"
ignoring duplicate directory "C:/mingw64/lib/gcc/../../lib/gcc/x86_64-w64-mingw32/15.2.0/include-fixed"
ignoring duplicate directory "C:/mingw64/lib/gcc/../../lib/gcc/x86_64-w64-mingw32/15.2.0/../../../../x86_64-w64-mingw32/include"
ignoring nonexistent directory "C:/buildroot/x86_64-1520-mcf-seh-ucrt-rt_v13-rev0/mingw64/mingw/include"
#include "..." search starts here:
#include <...> search starts here:
 .
 sqlite3
 curl\include
 scintilla_src\scintilla\include
 lexilla_src\lexilla\include
 C:/mingw64/bin/../lib/gcc/x86_64-w64-mingw32/15.2.0/include/c++
 C:/mingw64/bin/../lib/gcc/x86_64-w64-mingw32/15.2.0/include/c++/x86_64-w64-mingw32
 C:/mingw64/bin/../lib/gcc/x86_64-w64-mingw32/15.2.0/include/c++/backward
 C:/mingw64/bin/../lib/gcc/x86_64-w64-mingw32/15.2.0/include
 C:/mingw64/bin/../lib/gcc/x86_64-w64-mingw32/15.2.0/include-fixed
 C:/mingw64/bin/../lib/gcc/x86_64-w64-mingw32/15.2.0/../../../../x86_64-w64-mingw32/include
End of search list.
Compiler executable checksum: 61de8c4d747942bd598ac96411382eff
COLLECT_GCC_OPTIONS='-v' '-std=c++17' '-O2' '-Wall' '-mwindows' '-municode' '-I' '.' '-I' 'sqlite3' '-I' 'curl\include' '-D' 'CURL_STATICLIB' '-I' 'scintilla_src\scintilla\include' '-I' 'lexilla_src\lexilla\include' '-Lscintilla_src\scintilla\bin' '-Llexilla_src\lexilla\bin' '-Lcurl\lib' '-static' '-static-libgcc' '-o' 'NSBEdit.exe' '-mtune=core2' '-march=nocona' '-dumpdir' 'NSBEdit-'
 C:/mingw64/bin/../lib/gcc/x86_64-w64-mingw32/15.2.0/../../../../x86_64-w64-mingw32/bin/as.exe -v -I . -I sqlite3 -I curl\include -I scintilla_src\scintilla\include -I lexilla_src\lexilla\include -o C:\Users\NALLEB~1\AppData\Local\Temp\ccdZMYSu.o C:\Users\NALLEB~1\AppData\Local\Temp\ccS4g5Wl.s
GNU assembler version 2.45 (x86_64-w64-mingw32) using BFD version (GNU Binutils) 2.45
COMPILER_PATH=C:/mingw64/bin/../libexec/gcc/x86_64-w64-mingw32/15.2.0/;C:/mingw64/bin/../libexec/gcc/;C:/mingw64/bin/../lib/gcc/x86_64-w64-mingw32/15.2.0/../../../../x86_64-w64-mingw32/bin/
LIBRARY_PATH=C:/mingw64/bin/../lib/gcc/x86_64-w64-mingw32/15.2.0/;C:/mingw64/bin/../lib/gcc/;C:/mingw64/bin/../lib/gcc/x86_64-w64-mingw32/15.2.0/../../../../x86_64-w64-mingw32/lib/../lib/;C:/mingw64/bin/../lib/gcc/x86_64-w64-mingw32/15.2.0/../../../../lib/;C:/mingw64/bin/../lib/gcc/x86_64-w64-mingw32/15.2.0/../../../../x86_64-w64-mingw32/lib/;C:/mingw64/bin/../lib/gcc/x86_64-w64-mingw32/15.2.0/../../../
COLLECT_GCC_OPTIONS='-v' '-std=c++17' '-O2' '-Wall' '-mwindows' '-municode' '-I' '.' '-I' 'sqlite3' '-I' 'curl\include' '-D' 'CURL_STATICLIB' '-I' 'scintilla_src\scintilla\include' '-I' 'lexilla_src\lexilla\include' '-Lscintilla_src\scintilla\bin' '-Llexilla_src\lexilla\bin' '-Lcurl\lib' '-static' '-static-libgcc' '-o' 'NSBEdit.exe' '-mtune=core2' '-march=nocona' '-dumpdir' 'NSBEdit.'
 C:/mingw64/bin/../libexec/gcc/x86_64-w64-mingw32/15.2.0/collect2.exe -plugin C:/mingw64/bin/../libexec/gcc/x86_64-w64-mingw32/15.2.0/liblto_plugin.dll -plugin-opt=C:/mingw64/bin/../libexec/gcc/x86_64-w64-mingw32/15.2.0/lto-wrapper.exe -plugin-opt=-fresolution=C:\Users\NALLEB~1\AppData\Local\Temp\ccawDRWm.res -plugin-opt=-pass-through=-lmingw32 -plugin-opt=-pass-through=-lgcc -plugin-opt=-pass-through=-lgcc_eh -plugin-opt=-pass-through=-lmingwex -plugin-opt=-pass-through=-lmsvcrt -plugin-opt=-pass-through=-lkernel32 -plugin-opt=-pass-through=-lmcfgthread -plugin-opt=-pass-through=-lkernel32 -plugin-opt=-pass-through=-lntdll -plugin-opt=-pass-through=-lgdi32 -plugin-opt=-pass-through=-lcomdlg32 -plugin-opt=-pass-through=-ladvapi32 -plugin-opt=-pass-through=-lshell32 -plugin-opt=-pass-through=-luser32 -plugin-opt=-pass-through=-lkernel32 -plugin-opt=-pass-through=-liconv -plugin-opt=-pass-through=-lmingw32 -plugin-opt=-pass-through=-lgcc -plugin-opt=-pass-through=-lgcc_eh -plugin-opt=-pass-through=-lmingwex -plugin-opt=-pass-through=-lmsvcrt -plugin-opt=-pass-through=-lkernel32 -plugin-opt=-pass-through=-lmcfgthread -plugin-opt=-pass-through=-lkernel32 -plugin-opt=-pass-through=-lntdll --sysroot=C:/buildroot/x86_64-1520-mcf-seh-ucrt-rt_v13-rev0/mingw64 -m i386pep --subsystem windows -Bstatic -o NSBEdit.exe C:/mingw64/bin/../lib/gcc/x86_64-w64-mingw32/15.2.0/../../../../x86_64-w64-mingw32/lib/../lib/crt2u.o C:/mingw64/bin/../lib/gcc/x86_64-w64-mingw32/15.2.0/crtbegin.o -Lscintilla_src\scintilla\bin -Llexilla_src\lexilla\bin -Lcurl\lib -LC:/mingw64/bin/../lib/gcc/x86_64-w64-mingw32/15.2.0 -LC:/mingw64/bin/../lib/gcc -LC:/mingw64/bin/../lib/gcc/x86_64-w64-mingw32/15.2.0/../../../../x86_64-w64-mingw32/lib/../lib -LC:/mingw64/bin/../lib/gcc/x86_64-w64-mingw32/15.2.0/../../../../lib -LC:/mingw64/bin/../lib/gcc/x86_64-w64-mingw32/15.2.0/../../../../x86_64-w64-mingw32/lib -LC:/mingw64/bin/../lib/gcc/x86_64-w64-mingw32/15.2.0/../../.. C:\Users\NALLEB~1\AppData\Local\Temp\ccyASYUO.o C:\Users\NALLEB~1\AppData\Local\Temp\ccUeONpZ.o C:\Users\NALLEB~1\AppData\Local\Temp\cc1ceHmh.o C:\Users\NALLEB~1\AppData\Local\Temp\ccvmOBZn.o C:\Users\NALLEB~1\AppData\Local\Temp\ccZGA3bT.o C:\Users\NALLEB~1\AppData\Local\Temp\ccIUzbDN.o C:\Users\NALLEB~1\AppData\Local\Temp\ccU8bTPN.o C:\Users\NALLEB~1\AppData\Local\Temp\cc3uxFMR.o C:\Users\NALLEB~1\AppData\Local\Temp\ccMYlzMb.o C:\Users\NALLEB~1\AppData\Local\Temp\ccYOAA2e.o C:\Users\NALLEB~1\AppData\Local\Temp\ccxZqyel.o C:\Users\NALLEB~1\AppData\Local\Temp\ccaViH6E.o C:\Users\NALLEB~1\AppData\Local\Temp\ccdZMYSu.o sqlite3\sqlite3.o curl\lib\quic_stubs.o NSBEdit.res -lcomctl32 -lcomdlg32 -lshell32 -lole32 -luuid -luser32 -lgdi32 -lgdiplus -lwinspool -lmsimg32 -ldwmapi -luxtheme -lscintilla -llexilla -limm32 -loleaut32 -ladvapi32 -lole32 -luuid -lcurl -lssh2 -lssl -lcrypto -lz -lnghttp2 -lbrotlidec -lbrotlicommon -lpsl -lzstd -lws2_32 -lcrypt32 -lbcrypt -lwinhttp -lwldap32 -lsecur32 -liphlpapi -lntdll -lstdc++ -lmingw32 -lgcc -lgcc_eh -lmingwex -lmsvcrt -lkernel32 -lmcfgthread -lkernel32 -lntdll -lgdi32 -lcomdlg32 -ladvapi32 -lshell32 -luser32 -lkernel32 -liconv -lmingw32 -lgcc -lgcc_eh -lmingwex -lmsvcrt -lkernel32 -lmcfgthread -lkernel32 -lntdll C:/mingw64/bin/../lib/gcc/x86_64-w64-mingw32/15.2.0/crtend.o
COLLECT_GCC_OPTIONS='-v' '-std=c++17' '-O2' '-Wall' '-mwindows' '-municode' '-I' '.' '-I' 'sqlite3' '-I' 'curl\include' '-D' 'CURL_STATICLIB' '-I' 'scintilla_src\scintilla\include' '-I' 'lexilla_src\lexilla\include' '-Lscintilla_src\scintilla\bin' '-Llexilla_src\lexilla\bin' '-Lcurl\lib' '-static' '-static-libgcc' '-o' 'NSBEdit.exe' '-mtune=core2' '-march=nocona' '-dumpdir' 'NSBEdit.'

C:\Users\NalleBerg\Documents\C++\Workspace\NSBEdit>echo ............................................................ 
............................................................

C:\Users\NalleBerg\Documents\C++\Workspace\NSBEdit>echo       Done. 
      Done.

C:\Users\NalleBerg\Documents\C++\Workspace\NSBEdit>echo.


C:\Users\NalleBerg\Documents\C++\Workspace\NSBEdit>copy /Y NSB.png NSB.png 
The file cannot be copied onto itself.
        0 file(s) copied.

C:\Users\NalleBerg\Documents\C++\Workspace\NSBEdit>copy /Y curver.txt curver.txt 
The file cannot be copied onto itself.
        0 file(s) copied.

C:\Users\NalleBerg\Documents\C++\Workspace\NSBEdit>echo ============================================================ 
============================================================

C:\Users\NalleBerg\Documents\C++\Workspace\NSBEdit>echo  BUILD SUCCEEDED  --  NSBEdit.exe updated 
 BUILD SUCCEEDED  --  NSBEdit.exe updated

C:\Users\NalleBerg\Documents\C++\Workspace\NSBEdit>echo ============================================================ 
============================================================
